// Jest Snapshot v1, https://goo.gl/fbAQLP

exports[`Testng the Button Component Should create/match the snapshot 1`] = `
<div>
  <button
    className="btn green ghost "
    data-testid="customBtn"
  >
     
    Custom Button
     
  </button>
</div>
`;
